******************************************************************************
                  MSP430 Linker PC v20.2.1                     
******************************************************************************
>> Linked Wed Jun 17 09:46:59 2020

OUTPUT FILE NAME:   <Temperature_Detect.out>
ENTRY POINT SYMBOL: "_c_int00_noargs"  address: 0000df46


MEMORY CONFIGURATION

         name            origin    length      used     unused   attr    fill
----------------------  --------  ---------  --------  --------  ----  --------
  SFR                   00000000   00000010  00000000  00000010  RWIX
  PERIPHERALS_8BIT      00000010   000000f0  00000000  000000f0  RWIX
  PERIPHERALS_16BIT     00000100   00000100  00000000  00000100  RWIX
  RAM                   00000200   00000200  00000099  00000167  RWIX
  INFOD                 00001000   00000040  00000000  00000040  RWIX
  INFOC                 00001040   00000040  00000000  00000040  RWIX
  INFOB                 00001080   00000040  00000000  00000040  RWIX
  INFOA                 000010c0   00000040  00000000  00000040  RWIX
  FLASH                 0000c000   00003fde  00002098  00001f46  RWIX
  BSLSIGNATURE          0000ffde   00000002  00000002  00000000  RWIX  ffff 
  INT00                 0000ffe0   00000002  00000002  00000000  RWIX
  INT01                 0000ffe2   00000002  00000000  00000002  RWIX
  INT02                 0000ffe4   00000002  00000002  00000000  RWIX
  INT03                 0000ffe6   00000002  00000002  00000000  RWIX
  INT04                 0000ffe8   00000002  00000000  00000002  RWIX
  INT05                 0000ffea   00000002  00000002  00000000  RWIX
  INT06                 0000ffec   00000002  00000002  00000000  RWIX
  INT07                 0000ffee   00000002  00000002  00000000  RWIX
  INT08                 0000fff0   00000002  00000002  00000000  RWIX
  INT09                 0000fff2   00000002  00000002  00000000  RWIX
  INT10                 0000fff4   00000002  00000002  00000000  RWIX
  INT11                 0000fff6   00000002  00000002  00000000  RWIX
  INT12                 0000fff8   00000002  00000002  00000000  RWIX
  INT13                 0000fffa   00000002  00000002  00000000  RWIX
  INT14                 0000fffc   00000002  00000002  00000000  RWIX
  RESET                 0000fffe   00000002  00000002  00000000  RWIX


SECTION ALLOCATION MAP

 output                                  attributes/
section   page    origin      length       input sections
--------  ----  ----------  ----------   ----------------
.data      0    00000200    00000045     UNINITIALIZED
                  00000200    00000011     main.obj (.data:d)
                  00000211    00000001     --HOLE--
                  00000212    00000010     main.obj (.data:c)
                  00000222    0000000c     main.obj (.data:a)
                  0000022e    0000000a     main.obj (.data:b)
                  00000238    00000006     main.obj (.data:e)
                  0000023e    00000004     main.obj (.data)
                  00000242    00000003     I2C.obj (.data)

.bss       0    00000246    00000004     UNINITIALIZED
                  00000246    00000004     I2C.obj (.bss)

.stack     0    000003b0    00000050     UNINITIALIZED
                  000003b0    00000002     rts430_eabi.lib : boot.c.obj (.stack)
                  000003b2    0000004e     --HOLE--

.text      0    0000c000    0000203e     
                  0000c000    00000478     rts430_eabi.lib : frcdivd.c.obj (.text:__TI_frcdivd)
                  0000c478    000002fa                     : addd.c.obj (.text:__mspabi_addd)
                  0000c772    00000286                     : frcmpyd.c.obj (.text:__TI_frcmpyd)
                  0000c9f8    0000026e                     : mpyd.c.obj (.text:__mspabi_mpyd)
                  0000cc66    00000260                     : frcaddd.c.obj (.text:__TI_frcaddd)
                  0000cec6    00000238                     : divd.c.obj (.text:__mspabi_divd)
                  0000d0fe    00000232     main.obj (.text:main)
                  0000d330    00000170     main.obj (.text:display_normal)
                  0000d4a0    00000132     rts430_eabi.lib : fs_add.asm.obj (.text)
                  0000d5d2    00000116     main.obj (.text:lcd1602_display)
                  0000d6e8    000000c4     rts430_eabi.lib : fs_mpy.asm.obj (.text)
                  0000d7ac    000000be                     : renormd.c.obj (.text:__TI_renormd)
                  0000d86a    0000009c                     : fs_div.asm.obj (.text)
                  0000d906    0000008c                     : cvtdf.c.obj (.text:__mspabi_cvtdf)
                  0000d992    0000008a                     : fltuld.c.obj (.text:__mspabi_fltuld)
                  0000da1c    0000007c                     : copy_decompress_lzss.c.obj (.text:decompress:lzss:__TI_decompress_lzss)
                  0000da98    00000070                     : cvtfd.c.obj (.text:__mspabi_cvtfd)
                  0000db08    00000068                     : fs_toi.asm.obj (.text)
                  0000db70    0000005c                     : lsr32.asm.obj (.text:l_lsr_const)
                  0000dbcc    00000052     main.obj (.text:lcd1602_init)
                  0000dc1e    0000004c     rts430_eabi.lib : lsr16.asm.obj (.text)
                  0000dc6a    0000004a                     : fs_cmp.asm.obj (.text)
                  0000dcb4    00000042                     : autoinit.c.obj (.text:__TI_auto_init_nobinit_nopinit:__TI_auto_init_nobinit_nopinit)
                  0000dcf6    0000003e     I2C.obj (.text:USCIAB0TX_ISR)
                  0000dd34    0000003e     rts430_eabi.lib : asr32.asm.obj (.text:l_asr_const)
                  0000dd72    0000003e                     : lsl32.asm.obj (.text:l_lsl_const)
                  0000ddb0    00000036                     : fs_itof.asm.obj (.text)
                  0000dde6    0000002e                     : subd.c.obj (.text:__mspabi_subd)
                  0000de14    0000002c                     : asr16.asm.obj (.text)
                  0000de40    0000002c                     : div16s.asm.obj (.text)
                  0000de6c    0000002c                     : lsl16.asm.obj (.text)
                  0000de98    00000026                     : mult32.asm.obj (.text)
                  0000debe    00000024     main.obj (.text:LCD_Write_Command)
                  0000dee2    00000024     main.obj (.text:LCD_Write_Data)
                  0000df06    00000022     I2C.obj (.text:I2C_TxFrame_ISR)
                  0000df28    0000001e     I2C.obj (.text:I2C_RxFrame_ISR)
                  0000df46    0000001c     rts430_eabi.lib : boot.c.obj (.text:_c_int00_noargs)
                  0000df62    00000016     main.obj (.text:ADC10_init)
                  0000df78    00000016     rts430_eabi.lib : div16u.asm.obj (.text)
                  0000df8e    00000014                     : copy_zero_init.c.obj (.text:decompress:ZI:__TI_zero_init_nomemset:__TI_zero_init_nomemset)
                  0000dfa2    00000014                     : mult16.asm.obj (.text)
                  0000dfb6    00000012                     : copy_decompress_none.c.obj (.text:decompress:none:__TI_decompress_none)
                  0000dfc8    00000012                     : lsr32.asm.obj (.text:l_lsr)
                  0000dfda    00000012                     : memcpy.c.obj (.text:memcpy)
                  0000dfec    00000010                     : asr32.asm.obj (.text:l_asr)
                  0000dffc    00000010                     : lsl32.asm.obj (.text:l_lsl)
                  0000e00c    00000010                     : epilog.asm.obj (.text)
                  0000e01c    00000008     main.obj (.text:ADC10_ISR)
                  0000e024    00000008     rts430_eabi.lib : isr_trap.asm.obj (.text:_isr:__TI_ISR_TRAP)
                  0000e02c    00000006                     : fltud.c.obj (.text:__mspabi_fltud)
                  0000e032    00000006                     : exit.c.obj (.text:abort)
                  0000e038    00000004                     : pre_init.c.obj (.text:_system_pre_init)
                  0000e03c    00000002                     : startup.c.obj (.text:_system_post_cinit)

.cinit     0    0000e03e    0000005a     
                  0000e03e    00000047     (.cinit..data.load) [load image, compression = lzss]
                  0000e085    00000001     --HOLE-- [fill = 0]
                  0000e086    00000006     (__TI_handler_table)
                  0000e08c    00000004     (.cinit..bss.load) [load image, compression = zero_init]
                  0000e090    00000008     (__TI_cinit_table)

.binit     0    0000c000    00000000     

.init_array 
*          0    0000c000    00000000     UNINITIALIZED

TRAPINT    0    0000ffe0    00000002     
                  0000ffe0    00000002     rts430_eabi.lib : int00.asm.obj (.int00)

PORT1      0    0000ffe4    00000002     
                  0000ffe4    00000002     rts430_eabi.lib : int02.asm.obj (.int02)

PORT2      0    0000ffe6    00000002     
                  0000ffe6    00000002     rts430_eabi.lib : int03.asm.obj (.int03)

ADC10      0    0000ffea    00000002     
                  0000ffea    00000002     main.obj (.int05)

USCIAB0TX 
*          0    0000ffec    00000002     
                  0000ffec    00000002     I2C.obj (.int06)

USCIAB0RX 
*          0    0000ffee    00000002     
                  0000ffee    00000002     rts430_eabi.lib : int07.asm.obj (.int07)

TIMER0_A1 
*          0    0000fff0    00000002     
                  0000fff0    00000002     rts430_eabi.lib : int08.asm.obj (.int08)

TIMER0_A0 
*          0    0000fff2    00000002     
                  0000fff2    00000002     rts430_eabi.lib : int09.asm.obj (.int09)

WDT        0    0000fff4    00000002     
                  0000fff4    00000002     rts430_eabi.lib : int10.asm.obj (.int10)

COMPARATORA 
*          0    0000fff6    00000002     
                  0000fff6    00000002     rts430_eabi.lib : int11.asm.obj (.int11)

TIMER1_A1 
*          0    0000fff8    00000002     
                  0000fff8    00000002     rts430_eabi.lib : int12.asm.obj (.int12)

TIMER1_A0 
*          0    0000fffa    00000002     
                  0000fffa    00000002     rts430_eabi.lib : int13.asm.obj (.int13)

NMI        0    0000fffc    00000002     
                  0000fffc    00000002     rts430_eabi.lib : int14.asm.obj (.int14)

.reset     0    0000fffe    00000002     
                  0000fffe    00000002     rts430_eabi.lib : boot.c.obj (.reset)

$fill000   0    0000ffde    00000002     
                  0000ffde    00000002     --HOLE-- [fill = ffff]

MODULE SUMMARY

       Module                       code   ro data   rw data
       ------                       ----   -------   -------
    .\
       main.obj                     1392   2         65     
    +--+----------------------------+------+---------+---------+
       Total:                       1392   2         65     
                                                            
    .\src\
       I2C.obj                      126    2         7      
    +--+----------------------------+------+---------+---------+
       Total:                       126    2         7      
                                                            
    C:\ti\ccs1010\ccs\tools\compiler\ti-cgt-msp430_20.2.1.LTS\lib\rts430_eabi.lib
       frcdivd.c.obj                1144   0         0      
       addd.c.obj                   762    0         0      
       frcmpyd.c.obj                646    0         0      
       mpyd.c.obj                   622    0         0      
       frcaddd.c.obj                608    0         0      
       divd.c.obj                   568    0         0      
       fs_add.asm.obj               306    0         0      
       fs_mpy.asm.obj               196    0         0      
       renormd.c.obj                190    0         0      
       fs_div.asm.obj               156    0         0      
       cvtdf.c.obj                  140    0         0      
       fltuld.c.obj                 138    0         0      
       copy_decompress_lzss.c.obj   124    0         0      
       cvtfd.c.obj                  112    0         0      
       lsr32.asm.obj                110    0         0      
       fs_toi.asm.obj               104    0         0      
       asr32.asm.obj                78     0         0      
       lsl32.asm.obj                78     0         0      
       lsr16.asm.obj                76     0         0      
       fs_cmp.asm.obj               74     0         0      
       autoinit.c.obj               66     0         0      
       fs_itof.asm.obj              54     0         0      
       subd.c.obj                   46     0         0      
       asr16.asm.obj                44     0         0      
       div16s.asm.obj               44     0         0      
       lsl16.asm.obj                44     0         0      
       mult32.asm.obj               38     0         0      
       boot.c.obj                   28     2         0      
       div16u.asm.obj               22     0         0      
       copy_zero_init.c.obj         20     0         0      
       mult16.asm.obj               20     0         0      
       copy_decompress_none.c.obj   18     0         0      
       memcpy.c.obj                 18     0         0      
       epilog.asm.obj               16     0         0      
       isr_trap.asm.obj             8      0         0      
       exit.c.obj                   6      0         0      
       fltud.c.obj                  6      0         0      
       pre_init.c.obj               4      0         0      
       int00.asm.obj                0      2         0      
       int02.asm.obj                0      2         0      
       int03.asm.obj                0      2         0      
       int07.asm.obj                0      2         0      
       int08.asm.obj                0      2         0      
       int09.asm.obj                0      2         0      
       int10.asm.obj                0      2         0      
       int11.asm.obj                0      2         0      
       int12.asm.obj                0      2         0      
       int13.asm.obj                0      2         0      
       int14.asm.obj                0      2         0      
       startup.c.obj                2      0         0      
    +--+----------------------------+------+---------+---------+
       Total:                       6736   24        0      
                                                            
       Stack:                       0      0         80     
       Linker Generated:            0      89        0      
    +--+----------------------------+------+---------+---------+
       Grand Total:                 8254   117       152    


LINKER GENERATED COPY TABLES

__TI_cinit_table @ 0000e090 records: 2, size/record: 4, table size: 8
	.data: load addr=0000e03e, load size=00000047 bytes, run addr=00000200, run size=00000045 bytes, compression=lzss
	.bss: load addr=0000e08c, load size=00000004 bytes, run addr=00000246, run size=00000004 bytes, compression=zero_init


LINKER GENERATED HANDLER TABLE

__TI_handler_table @ 0000e086 records: 3, size/record: 2, table size: 6
	index: 0, handler: __TI_zero_init
	index: 1, handler: __TI_decompress_lzss
	index: 2, handler: __TI_decompress_none


GLOBAL SYMBOLS: SORTED ALPHABETICALLY BY Name 

address   name                          
-------   ----                          
0000004a  ADC10AE0                      
000001b0  ADC10CTL0                     
000001b2  ADC10CTL1                     
00000048  ADC10DTC0                     
00000049  ADC10DTC1                     
000001b4  ADC10MEM                      
000001bc  ADC10SA                       
0000e01c  ADC10_ISR                     
0000df62  ADC10_init                    
00000057  BCSCTL1                       
00000058  BCSCTL2                       
00000053  BCSCTL3                       
0000e032  C$$EXIT                       
00000059  CACTL1                        
0000005a  CACTL2                        
000010fb  CALBC1_12MHZ                  
000010f9  CALBC1_16MHZ                  
000010ff  CALBC1_1MHZ                   
000010fd  CALBC1_8MHZ                   
000010fa  CALDCO_12MHZ                  
000010f8  CALDCO_16MHZ                  
000010fe  CALDCO_1MHZ                   
000010fc  CALDCO_8MHZ                   
0000005b  CAPD                          
00000056  DCOCTL                        
00000128  FCTL1                         
0000012a  FCTL2                         
0000012c  FCTL3                         
0000df28  I2C_RxFrame_ISR               
00000244  I2C_State                     
0000df06  I2C_TxFrame_ISR               
00000000  IE1                           
00000001  IE2                           
00000002  IFG1                          
00000003  IFG2                          
0000debe  LCD_Write_Command             
0000dee2  LCD_Write_Data                
00000022  P1DIR                         
00000025  P1IE                          
00000024  P1IES                         
00000023  P1IFG                         
00000020  P1IN                          
00000021  P1OUT                         
00000027  P1REN                         
00000026  P1SEL                         
00000041  P1SEL2                        
0000002a  P2DIR                         
0000002d  P2IE                          
0000002c  P2IES                         
0000002b  P2IFG                         
00000028  P2IN                          
00000029  P2OUT                         
0000002f  P2REN                         
0000002e  P2SEL                         
00000042  P2SEL2                        
0000001a  P3DIR                         
00000018  P3IN                          
00000019  P3OUT                         
00000010  P3REN                         
0000001b  P3SEL                         
00000043  P3SEL2                        
00000172  TA0CCR0                       
00000174  TA0CCR1                       
00000176  TA0CCR2                       
00000162  TA0CCTL0                      
00000164  TA0CCTL1                      
00000166  TA0CCTL2                      
00000160  TA0CTL                        
0000012e  TA0IV                         
00000170  TA0R                          
00000192  TA1CCR0                       
00000194  TA1CCR1                       
00000196  TA1CCR2                       
00000182  TA1CCTL0                      
00000184  TA1CCTL1                      
00000186  TA1CCTL2                      
00000180  TA1CTL                        
0000011e  TA1IV                         
00000190  TA1R                          
000010db  TLV_ADC10_1_LEN               
000010da  TLV_ADC10_1_TAG               
000010c0  TLV_CHECKSUM                  
000010f7  TLV_DCO_30_LEN                
000010f6  TLV_DCO_30_TAG                
0000005d  UCA0ABCTL                     
00000062  UCA0BR0                       
00000063  UCA0BR1                       
00000060  UCA0CTL0                      
00000061  UCA0CTL1                      
0000005f  UCA0IRRCTL                    
0000005e  UCA0IRTCTL                    
00000064  UCA0MCTL                      
00000066  UCA0RXBUF                     
00000065  UCA0STAT                      
00000067  UCA0TXBUF                     
0000006a  UCB0BR0                       
0000006b  UCB0BR1                       
00000068  UCB0CTL0                      
00000069  UCB0CTL1                      
0000006c  UCB0I2CIE                     
00000118  UCB0I2COA                     
0000011a  UCB0I2CSA                     
0000006e  UCB0RXBUF                     
0000006d  UCB0STAT                      
0000006f  UCB0TXBUF                     
0000dcf6  USCIAB0TX_ISR                 
00000120  WDTCTL                        
00000400  __STACK_END                   
00000050  __STACK_SIZE                  
0000e090  __TI_CINIT_Base               
0000e098  __TI_CINIT_Limit              
0000e086  __TI_Handler_Table_Base       
0000e08c  __TI_Handler_Table_Limit      
0000e024  __TI_ISR_TRAP                 
0000dcb4  __TI_auto_init_nobinit_nopinit
0000da1c  __TI_decompress_lzss          
0000dfb6  __TI_decompress_none          
0000cc66  __TI_frcaddd                  
0000c000  __TI_frcdivd                  
0000c772  __TI_frcmpyd                  
0000ffe0  __TI_int00                    
0000ffe4  __TI_int02                    
0000ffe6  __TI_int03                    
0000ffea  __TI_int05                    
0000ffec  __TI_int06                    
0000ffee  __TI_int07                    
0000fff0  __TI_int08                    
0000fff2  __TI_int09                    
0000fff4  __TI_int10                    
0000fff6  __TI_int11                    
0000fff8  __TI_int12                    
0000fffa  __TI_int13                    
0000fffc  __TI_int14                    
ffffffff  __TI_pprof_out_hndl           
ffffffff  __TI_prof_data_size           
ffffffff  __TI_prof_data_start          
0000d7ac  __TI_renormd                  
0000df8e  __TI_zero_init_nomemset       
ffffffff  __c_args__                    
0000c478  __mspabi_addd                 
0000d4a6  __mspabi_addf                 
0000dc6a  __mspabi_cmpf                 
0000d906  __mspabi_cvtdf                
0000da98  __mspabi_cvtfd                
0000cec6  __mspabi_divd                 
0000d86a  __mspabi_divf                 
0000de40  __mspabi_divi                 
0000df78  __mspabi_divu                 
0000db08  __mspabi_fixfi                
0000ddb0  __mspabi_fltif                
0000e02c  __mspabi_fltud                
0000d992  __mspabi_fltuld               
0000e018  __mspabi_func_epilog_1        
0000e016  __mspabi_func_epilog_2        
0000e014  __mspabi_func_epilog_3        
0000e012  __mspabi_func_epilog_4        
0000e010  __mspabi_func_epilog_5        
0000e00e  __mspabi_func_epilog_6        
0000e00c  __mspabi_func_epilog_7        
0000c9f8  __mspabi_mpyd                 
0000d6e8  __mspabi_mpyf                 
0000dfa2  __mspabi_mpyi                 
0000dfa2  __mspabi_mpyi_sw              
0000de98  __mspabi_mpyl                 
0000de98  __mspabi_mpyl_sw              
0000de40  __mspabi_remi                 
0000df78  __mspabi_remu                 
0000de6c  __mspabi_slli                 
0000de94  __mspabi_slli_1               
0000de82  __mspabi_slli_10              
0000de80  __mspabi_slli_11              
0000de7e  __mspabi_slli_12              
0000de7c  __mspabi_slli_13              
0000de7a  __mspabi_slli_14              
0000de78  __mspabi_slli_15              
0000de92  __mspabi_slli_2               
0000de90  __mspabi_slli_3               
0000de8e  __mspabi_slli_4               
0000de8c  __mspabi_slli_5               
0000de8a  __mspabi_slli_6               
0000de88  __mspabi_slli_7               
0000de86  __mspabi_slli_8               
0000de84  __mspabi_slli_9               
0000dffc  __mspabi_slll                 
0000ddaa  __mspabi_slll_1               
0000dd86  __mspabi_slll_10              
0000dd82  __mspabi_slll_11              
0000dd7e  __mspabi_slll_12              
0000dd7a  __mspabi_slll_13              
0000dd76  __mspabi_slll_14              
0000dd72  __mspabi_slll_15              
0000dda6  __mspabi_slll_2               
0000dda2  __mspabi_slll_3               
0000dd9e  __mspabi_slll_4               
0000dd9a  __mspabi_slll_5               
0000dd96  __mspabi_slll_6               
0000dd92  __mspabi_slll_7               
0000dd8e  __mspabi_slll_8               
0000dd8a  __mspabi_slll_9               
0000de14  __mspabi_srai                 
0000de3c  __mspabi_srai_1               
0000de2a  __mspabi_srai_10              
0000de28  __mspabi_srai_11              
0000de26  __mspabi_srai_12              
0000de24  __mspabi_srai_13              
0000de22  __mspabi_srai_14              
0000de20  __mspabi_srai_15              
0000de3a  __mspabi_srai_2               
0000de38  __mspabi_srai_3               
0000de36  __mspabi_srai_4               
0000de34  __mspabi_srai_5               
0000de32  __mspabi_srai_6               
0000de30  __mspabi_srai_7               
0000de2e  __mspabi_srai_8               
0000de2c  __mspabi_srai_9               
0000dfec  __mspabi_sral                 
0000dd6c  __mspabi_sral_1               
0000dd48  __mspabi_sral_10              
0000dd44  __mspabi_sral_11              
0000dd40  __mspabi_sral_12              
0000dd3c  __mspabi_sral_13              
0000dd38  __mspabi_sral_14              
0000dd34  __mspabi_sral_15              
0000dd68  __mspabi_sral_2               
0000dd64  __mspabi_sral_3               
0000dd60  __mspabi_sral_4               
0000dd5c  __mspabi_sral_5               
0000dd58  __mspabi_sral_6               
0000dd54  __mspabi_sral_7               
0000dd50  __mspabi_sral_8               
0000dd4c  __mspabi_sral_9               
0000dc1e  __mspabi_srli                 
0000dc64  __mspabi_srli_1               
0000dc40  __mspabi_srli_10              
0000dc3c  __mspabi_srli_11              
0000dc38  __mspabi_srli_12              
0000dc34  __mspabi_srli_13              
0000dc30  __mspabi_srli_14              
0000dc2c  __mspabi_srli_15              
0000dc60  __mspabi_srli_2               
0000dc5c  __mspabi_srli_3               
0000dc58  __mspabi_srli_4               
0000dc54  __mspabi_srli_5               
0000dc50  __mspabi_srli_6               
0000dc4c  __mspabi_srli_7               
0000dc48  __mspabi_srli_8               
0000dc44  __mspabi_srli_9               
0000dfc8  __mspabi_srll                 
0000dbc4  __mspabi_srll_1               
0000db8e  __mspabi_srll_10              
0000db88  __mspabi_srll_11              
0000db82  __mspabi_srll_12              
0000db7c  __mspabi_srll_13              
0000db76  __mspabi_srll_14              
0000db70  __mspabi_srll_15              
0000dbbe  __mspabi_srll_2               
0000dbb8  __mspabi_srll_3               
0000dbb2  __mspabi_srll_4               
0000dbac  __mspabi_srll_5               
0000dba6  __mspabi_srll_6               
0000dba0  __mspabi_srll_7               
0000db9a  __mspabi_srll_8               
0000db94  __mspabi_srll_9               
0000dde6  __mspabi_subd                 
0000d4a0  __mspabi_subf                 
0000df46  _c_int00_noargs               
0000fffe  _reset_vector                 
000003b0  _stack                        
0000e03c  _system_post_cinit            
0000e038  _system_pre_init              
00000222  a                             
0000e032  abort                         
0000022e  b                             
00000212  c                             
00000200  d                             
0000d330  display_normal                
00000238  e                             
0000d5d2  lcd1602_display               
0000dbcc  lcd1602_init                  
0000d0fe  main                          
0000dfda  memcpy                        
0000023e  temp                          
00000240  xiaoshu                       


GLOBAL SYMBOLS: SORTED BY Symbol Address 

address   name                          
-------   ----                          
00000000  IE1                           
00000001  IE2                           
00000002  IFG1                          
00000003  IFG2                          
00000010  P3REN                         
00000018  P3IN                          
00000019  P3OUT                         
0000001a  P3DIR                         
0000001b  P3SEL                         
00000020  P1IN                          
00000021  P1OUT                         
00000022  P1DIR                         
00000023  P1IFG                         
00000024  P1IES                         
00000025  P1IE                          
00000026  P1SEL                         
00000027  P1REN                         
00000028  P2IN                          
00000029  P2OUT                         
0000002a  P2DIR                         
0000002b  P2IFG                         
0000002c  P2IES                         
0000002d  P2IE                          
0000002e  P2SEL                         
0000002f  P2REN                         
00000041  P1SEL2                        
00000042  P2SEL2                        
00000043  P3SEL2                        
00000048  ADC10DTC0                     
00000049  ADC10DTC1                     
0000004a  ADC10AE0                      
00000050  __STACK_SIZE                  
00000053  BCSCTL3                       
00000056  DCOCTL                        
00000057  BCSCTL1                       
00000058  BCSCTL2                       
00000059  CACTL1                        
0000005a  CACTL2                        
0000005b  CAPD                          
0000005d  UCA0ABCTL                     
0000005e  UCA0IRTCTL                    
0000005f  UCA0IRRCTL                    
00000060  UCA0CTL0                      
00000061  UCA0CTL1                      
00000062  UCA0BR0                       
00000063  UCA0BR1                       
00000064  UCA0MCTL                      
00000065  UCA0STAT                      
00000066  UCA0RXBUF                     
00000067  UCA0TXBUF                     
00000068  UCB0CTL0                      
00000069  UCB0CTL1                      
0000006a  UCB0BR0                       
0000006b  UCB0BR1                       
0000006c  UCB0I2CIE                     
0000006d  UCB0STAT                      
0000006e  UCB0RXBUF                     
0000006f  UCB0TXBUF                     
00000118  UCB0I2COA                     
0000011a  UCB0I2CSA                     
0000011e  TA1IV                         
00000120  WDTCTL                        
00000128  FCTL1                         
0000012a  FCTL2                         
0000012c  FCTL3                         
0000012e  TA0IV                         
00000160  TA0CTL                        
00000162  TA0CCTL0                      
00000164  TA0CCTL1                      
00000166  TA0CCTL2                      
00000170  TA0R                          
00000172  TA0CCR0                       
00000174  TA0CCR1                       
00000176  TA0CCR2                       
00000180  TA1CTL                        
00000182  TA1CCTL0                      
00000184  TA1CCTL1                      
00000186  TA1CCTL2                      
00000190  TA1R                          
00000192  TA1CCR0                       
00000194  TA1CCR1                       
00000196  TA1CCR2                       
000001b0  ADC10CTL0                     
000001b2  ADC10CTL1                     
000001b4  ADC10MEM                      
000001bc  ADC10SA                       
00000200  d                             
00000212  c                             
00000222  a                             
0000022e  b                             
00000238  e                             
0000023e  temp                          
00000240  xiaoshu                       
00000244  I2C_State                     
000003b0  _stack                        
00000400  __STACK_END                   
000010c0  TLV_CHECKSUM                  
000010da  TLV_ADC10_1_TAG               
000010db  TLV_ADC10_1_LEN               
000010f6  TLV_DCO_30_TAG                
000010f7  TLV_DCO_30_LEN                
000010f8  CALDCO_16MHZ                  
000010f9  CALBC1_16MHZ                  
000010fa  CALDCO_12MHZ                  
000010fb  CALBC1_12MHZ                  
000010fc  CALDCO_8MHZ                   
000010fd  CALBC1_8MHZ                   
000010fe  CALDCO_1MHZ                   
000010ff  CALBC1_1MHZ                   
0000c000  __TI_frcdivd                  
0000c478  __mspabi_addd                 
0000c772  __TI_frcmpyd                  
0000c9f8  __mspabi_mpyd                 
0000cc66  __TI_frcaddd                  
0000cec6  __mspabi_divd                 
0000d0fe  main                          
0000d330  display_normal                
0000d4a0  __mspabi_subf                 
0000d4a6  __mspabi_addf                 
0000d5d2  lcd1602_display               
0000d6e8  __mspabi_mpyf                 
0000d7ac  __TI_renormd                  
0000d86a  __mspabi_divf                 
0000d906  __mspabi_cvtdf                
0000d992  __mspabi_fltuld               
0000da1c  __TI_decompress_lzss          
0000da98  __mspabi_cvtfd                
0000db08  __mspabi_fixfi                
0000db70  __mspabi_srll_15              
0000db76  __mspabi_srll_14              
0000db7c  __mspabi_srll_13              
0000db82  __mspabi_srll_12              
0000db88  __mspabi_srll_11              
0000db8e  __mspabi_srll_10              
0000db94  __mspabi_srll_9               
0000db9a  __mspabi_srll_8               
0000dba0  __mspabi_srll_7               
0000dba6  __mspabi_srll_6               
0000dbac  __mspabi_srll_5               
0000dbb2  __mspabi_srll_4               
0000dbb8  __mspabi_srll_3               
0000dbbe  __mspabi_srll_2               
0000dbc4  __mspabi_srll_1               
0000dbcc  lcd1602_init                  
0000dc1e  __mspabi_srli                 
0000dc2c  __mspabi_srli_15              
0000dc30  __mspabi_srli_14              
0000dc34  __mspabi_srli_13              
0000dc38  __mspabi_srli_12              
0000dc3c  __mspabi_srli_11              
0000dc40  __mspabi_srli_10              
0000dc44  __mspabi_srli_9               
0000dc48  __mspabi_srli_8               
0000dc4c  __mspabi_srli_7               
0000dc50  __mspabi_srli_6               
0000dc54  __mspabi_srli_5               
0000dc58  __mspabi_srli_4               
0000dc5c  __mspabi_srli_3               
0000dc60  __mspabi_srli_2               
0000dc64  __mspabi_srli_1               
0000dc6a  __mspabi_cmpf                 
0000dcb4  __TI_auto_init_nobinit_nopinit
0000dcf6  USCIAB0TX_ISR                 
0000dd34  __mspabi_sral_15              
0000dd38  __mspabi_sral_14              
0000dd3c  __mspabi_sral_13              
0000dd40  __mspabi_sral_12              
0000dd44  __mspabi_sral_11              
0000dd48  __mspabi_sral_10              
0000dd4c  __mspabi_sral_9               
0000dd50  __mspabi_sral_8               
0000dd54  __mspabi_sral_7               
0000dd58  __mspabi_sral_6               
0000dd5c  __mspabi_sral_5               
0000dd60  __mspabi_sral_4               
0000dd64  __mspabi_sral_3               
0000dd68  __mspabi_sral_2               
0000dd6c  __mspabi_sral_1               
0000dd72  __mspabi_slll_15              
0000dd76  __mspabi_slll_14              
0000dd7a  __mspabi_slll_13              
0000dd7e  __mspabi_slll_12              
0000dd82  __mspabi_slll_11              
0000dd86  __mspabi_slll_10              
0000dd8a  __mspabi_slll_9               
0000dd8e  __mspabi_slll_8               
0000dd92  __mspabi_slll_7               
0000dd96  __mspabi_slll_6               
0000dd9a  __mspabi_slll_5               
0000dd9e  __mspabi_slll_4               
0000dda2  __mspabi_slll_3               
0000dda6  __mspabi_slll_2               
0000ddaa  __mspabi_slll_1               
0000ddb0  __mspabi_fltif                
0000dde6  __mspabi_subd                 
0000de14  __mspabi_srai                 
0000de20  __mspabi_srai_15              
0000de22  __mspabi_srai_14              
0000de24  __mspabi_srai_13              
0000de26  __mspabi_srai_12              
0000de28  __mspabi_srai_11              
0000de2a  __mspabi_srai_10              
0000de2c  __mspabi_srai_9               
0000de2e  __mspabi_srai_8               
0000de30  __mspabi_srai_7               
0000de32  __mspabi_srai_6               
0000de34  __mspabi_srai_5               
0000de36  __mspabi_srai_4               
0000de38  __mspabi_srai_3               
0000de3a  __mspabi_srai_2               
0000de3c  __mspabi_srai_1               
0000de40  __mspabi_divi                 
0000de40  __mspabi_remi                 
0000de6c  __mspabi_slli                 
0000de78  __mspabi_slli_15              
0000de7a  __mspabi_slli_14              
0000de7c  __mspabi_slli_13              
0000de7e  __mspabi_slli_12              
0000de80  __mspabi_slli_11              
0000de82  __mspabi_slli_10              
0000de84  __mspabi_slli_9               
0000de86  __mspabi_slli_8               
0000de88  __mspabi_slli_7               
0000de8a  __mspabi_slli_6               
0000de8c  __mspabi_slli_5               
0000de8e  __mspabi_slli_4               
0000de90  __mspabi_slli_3               
0000de92  __mspabi_slli_2               
0000de94  __mspabi_slli_1               
0000de98  __mspabi_mpyl                 
0000de98  __mspabi_mpyl_sw              
0000debe  LCD_Write_Command             
0000dee2  LCD_Write_Data                
0000df06  I2C_TxFrame_ISR               
0000df28  I2C_RxFrame_ISR               
0000df46  _c_int00_noargs               
0000df62  ADC10_init                    
0000df78  __mspabi_divu                 
0000df78  __mspabi_remu                 
0000df8e  __TI_zero_init_nomemset       
0000dfa2  __mspabi_mpyi                 
0000dfa2  __mspabi_mpyi_sw              
0000dfb6  __TI_decompress_none          
0000dfc8  __mspabi_srll                 
0000dfda  memcpy                        
0000dfec  __mspabi_sral                 
0000dffc  __mspabi_slll                 
0000e00c  __mspabi_func_epilog_7        
0000e00e  __mspabi_func_epilog_6        
0000e010  __mspabi_func_epilog_5        
0000e012  __mspabi_func_epilog_4        
0000e014  __mspabi_func_epilog_3        
0000e016  __mspabi_func_epilog_2        
0000e018  __mspabi_func_epilog_1        
0000e01c  ADC10_ISR                     
0000e024  __TI_ISR_TRAP                 
0000e02c  __mspabi_fltud                
0000e032  C$$EXIT                       
0000e032  abort                         
0000e038  _system_pre_init              
0000e03c  _system_post_cinit            
0000e086  __TI_Handler_Table_Base       
0000e08c  __TI_Handler_Table_Limit      
0000e090  __TI_CINIT_Base               
0000e098  __TI_CINIT_Limit              
0000ffe0  __TI_int00                    
0000ffe4  __TI_int02                    
0000ffe6  __TI_int03                    
0000ffea  __TI_int05                    
0000ffec  __TI_int06                    
0000ffee  __TI_int07                    
0000fff0  __TI_int08                    
0000fff2  __TI_int09                    
0000fff4  __TI_int10                    
0000fff6  __TI_int11                    
0000fff8  __TI_int12                    
0000fffa  __TI_int13                    
0000fffc  __TI_int14                    
0000fffe  _reset_vector                 
ffffffff  __TI_pprof_out_hndl           
ffffffff  __TI_prof_data_size           
ffffffff  __TI_prof_data_start          
ffffffff  __c_args__                    

[283 symbols]
